// Vitest Snapshot v1, https://vitest.dev/guide/snapshot.html

exports[`v1 snapshot — generate2DMap output is byte-identical 1`] = `
[
  [
    {
      "biome": "land",
      "height": 0.5,
      "object": undefined,
      "x": 0,
      "y": 0,
    },
    {
      "biome": "land",
      "height": 0.6324960967031075,
      "object": "tree",
      "x": 1,
      "y": 0,
    },
    {
      "biome": "land",
      "height": 0.7408257296349435,
      "object": undefined,
      "x": 2,
      "y": 0,
    },
    {
      "biome": "land",
      "height": 0.8047696844475766,
      "object": undefined,
      "x": 3,
      "y": 0,
    },
    {
      "biome": "land",
      "height": 0.8069328654297374,
      "object": undefined,
      "x": 4,
      "y": 0,
    },
    {
      "biome": "land",
      "height": 0.7436661405000115,
      "object": "tree",
      "x": 5,
      "y": 0,
    },
    {
      "biome": "land",
      "height": 0.6312659590663492,
      "object": undefined,
      "x": 6,
      "y": 0,
    },
    {
      "biome": "land",
      "height": 0.5012605362929752,
      "object": "tree",
      "x": 7,
      "y": 0,
    },
    {
      "biome": "ocean",
      "height": 0.3901314742386193,
      "object": "fish",
      "x": 8,
      "y": 0,
    },
    {
      "biome": "ocean",
      "height": 0.32700499186181925,
      "object": undefined,
      "x": 9,
      "y": 0,
    },
  ],
  [
    {
      "biome": "ocean",
      "height": 0.36750390329689253,
      "object": undefined,
      "x": 0,
      "y": 1,
    },
    {
      "biome": "land",
      "height": 0.5,
      "object": undefined,
      "x": 1,
      "y": 1,
    },
    {
      "biome": "land",
      "height": 0.6166044301720301,
      "object": undefined,
      "x": 2,
      "y": 1,
    },
    {
      "biome": "land",
      "height": 0.6986448923006415,
      "object": undefined,
      "x": 3,
      "y": 1,
    },
    {
      "biome": "land",
      "height": 0.733575657225989,
      "object": undefined,
      "x": 4,
      "y": 1,
    },
    {
      "biome": "land",
      "height": 0.7148827216493723,
      "object": undefined,
      "x": 5,
      "y": 1,
    },
    {
      "biome": "land",
      "height": 0.6500131948863059,
      "object": undefined,
      "x": 6,
      "y": 1,
    },
    {
      "biome": "land",
      "height": 0.5605873165415591,
      "object": undefined,
      "x": 7,
      "y": 1,
    },
    {
      "biome": "ocean",
      "height": 0.4753921221064912,
      "object": undefined,
      "x": 8,
      "y": 1,
    },
    {
      "biome": "ocean",
      "height": 0.41984803319708786,
      "object": undefined,
      "x": 9,
      "y": 1,
    },
  ],
  [
    {
      "biome": "ocean",
      "height": 0.2591719945933252,
      "object": undefined,
      "x": 0,
      "y": 2,
    },
    {
      "biome": "ocean",
      "height": 0.38345270040039564,
      "object": "fish",
      "x": 1,
      "y": 2,
    },
    {
      "biome": "land",
      "height": 0.5021484315297499,
      "object": undefined,
      "x": 2,
      "y": 2,
    },
    {
      "biome": "land",
      "height": 0.6015342688813002,
      "object": undefined,
      "x": 3,
      "y": 2,
    },
    {
      "biome": "land",
      "height": 0.6711851189582791,
      "object": undefined,
      "x": 4,
      "y": 2,
    },
    {
      "biome": "land",
      "height": 0.7004142863465586,
      "object": "tree",
      "x": 5,
      "y": 2,
    },
    {
      "biome": "land",
      "height": 0.6868283038173179,
      "object": undefined,
      "x": 6,
      "y": 2,
    },
    {
      "biome": "land",
      "height": 0.6412294889386487,
      "object": undefined,
      "x": 7,
      "y": 2,
    },
    {
      "biome": "land",
      "height": 0.5838573005245807,
      "object": "tree",
      "x": 8,
      "y": 2,
    },
    {
      "biome": "land",
      "height": 0.5357234124797432,
      "object": undefined,
      "x": 9,
      "y": 2,
    },
  ],
  [
    {
      "biome": "ocean",
      "height": 0.19195763449873338,
      "object": undefined,
      "x": 0,
      "y": 3,
    },
    {
      "biome": "ocean",
      "height": 0.3036638777583599,
      "object": "fish",
      "x": 1,
      "y": 3,
    },
    {
      "biome": "ocean",
      "height": 0.42337453409411363,
      "object": "fish",
      "x": 2,
      "y": 3,
    },
    {
      "biome": "land",
      "height": 0.5403011432529342,
      "object": undefined,
      "x": 3,
      "y": 3,
    },
    {
      "biome": "land",
      "height": 0.641679452174557,
      "object": undefined,
      "x": 4,
      "y": 3,
    },
    {
      "biome": "land",
      "height": 0.7133060632834638,
      "object": undefined,
      "x": 5,
      "y": 3,
    },
    {
      "biome": "land",
      "height": 0.7447610164184651,
      "object": undefined,
      "x": 6,
      "y": 3,
    },
    {
      "biome": "land",
      "height": 0.7371356870341764,
      "object": undefined,
      "x": 7,
      "y": 3,
    },
    {
      "biome": "land",
      "height": 0.7026025322035301,
      "object": "tree",
      "x": 8,
      "y": 3,
    },
    {
      "biome": "land",
      "height": 0.6578029181589155,
      "object": undefined,
      "x": 9,
      "y": 3,
    },
  ],
  [
    {
      "biome": "ocean",
      "height": 0.16579669599614366,
      "object": undefined,
      "x": 0,
      "y": 4,
    },
    {
      "biome": "ocean",
      "height": 0.26966818696873474,
      "object": undefined,
      "x": 1,
      "y": 4,
    },
    {
      "biome": "ocean",
      "height": 0.3940170387475934,
      "object": undefined,
      "x": 2,
      "y": 4,
    },
    {
      "biome": "land",
      "height": 0.5270312906312565,
      "object": undefined,
      "x": 3,
      "y": 4,
    },
    {
      "biome": "land",
      "height": 0.6526342501348359,
      "object": undefined,
      "x": 4,
      "y": 4,
    },
    {
      "biome": "land",
      "height": 0.7537126174982152,
      "object": undefined,
      "x": 5,
      "y": 4,
    },
    {
      "biome": "land",
      "height": 0.815644314237424,
      "object": undefined,
      "x": 6,
      "y": 4,
    },
    {
      "biome": "land",
      "height": 0.8326978679181064,
      "object": undefined,
      "x": 7,
      "y": 4,
    },
    {
      "biome": "land",
      "height": 0.810626227485512,
      "object": undefined,
      "x": 8,
      "y": 4,
    },
    {
      "biome": "land",
      "height": 0.7623915607962971,
      "object": undefined,
      "x": 9,
      "y": 4,
    },
  ],
  [
    {
      "biome": "ocean",
      "height": 0.17042533278350958,
      "object": undefined,
      "x": 0,
      "y": 5,
    },
    {
      "biome": "ocean",
      "height": 0.2738418127315875,
      "object": undefined,
      "x": 1,
      "y": 5,
    },
    {
      "biome": "ocean",
      "height": 0.40686554051578244,
      "object": undefined,
      "x": 2,
      "y": 5,
    },
    {
      "biome": "land",
      "height": 0.5542465657556856,
      "object": undefined,
      "x": 3,
      "y": 5,
    },
    {
      "biome": "land",
      "height": 0.6953553153114373,
      "object": undefined,
      "x": 4,
      "y": 5,
    },
    {
      "biome": "land",
      "height": 0.8103859688440254,
      "object": undefined,
      "x": 5,
      "y": 5,
    },
    {
      "biome": "land",
      "height": 0.884213637156985,
      "object": undefined,
      "x": 6,
      "y": 5,
    },
    {
      "biome": "land",
      "height": 0.9087297053975936,
      "object": undefined,
      "x": 7,
      "y": 5,
    },
    {
      "biome": "land",
      "height": 0.8860153079916253,
      "object": undefined,
      "x": 8,
      "y": 5,
    },
    {
      "biome": "land",
      "height": 0.8266908175409939,
      "object": undefined,
      "x": 9,
      "y": 5,
    },
  ],
  [
    {
      "biome": "ocean",
      "height": 0.19342059485335938,
      "object": "fish",
      "x": 0,
      "y": 6,
    },
    {
      "biome": "ocean",
      "height": 0.30074923814510895,
      "object": "fish",
      "x": 1,
      "y": 6,
    },
    {
      "biome": "ocean",
      "height": 0.4424802546534996,
      "object": undefined,
      "x": 2,
      "y": 6,
    },
    {
      "biome": "land",
      "height": 0.5997330289632143,
      "object": undefined,
      "x": 3,
      "y": 6,
    },
    {
      "biome": "land",
      "height": 0.7476766162594043,
      "object": undefined,
      "x": 4,
      "y": 6,
    },
    {
      "biome": "land",
      "height": 0.8636870188385856,
      "object": undefined,
      "x": 5,
      "y": 6,
    },
    {
      "biome": "land",
      "height": 0.9328713060328014,
      "object": undefined,
      "x": 6,
      "y": 6,
    },
    {
      "biome": "land",
      "height": 0.9485848265339862,
      "object": "tree",
      "x": 7,
      "y": 6,
    },
    {
      "biome": "land",
      "height": 0.9128443515086233,
      "object": undefined,
      "x": 8,
      "y": 6,
    },
    {
      "biome": "land",
      "height": 0.8359962121434843,
      "object": undefined,
      "x": 9,
      "y": 6,
    },
  ],
  [
    {
      "biome": "ocean",
      "height": 0.22352938063646421,
      "object": undefined,
      "x": 0,
      "y": 7,
    },
    {
      "biome": "ocean",
      "height": 0.3343585345657534,
      "object": undefined,
      "x": 1,
      "y": 7,
    },
    {
      "biome": "ocean",
      "height": 0.480078396468258,
      "object": "fish",
      "x": 2,
      "y": 7,
    },
    {
      "biome": "land",
      "height": 0.6393060713369118,
      "object": undefined,
      "x": 3,
      "y": 7,
    },
    {
      "biome": "land",
      "height": 0.784558359773875,
      "object": undefined,
      "x": 4,
      "y": 7,
    },
    {
      "biome": "land",
      "height": 0.8914067003844257,
      "object": "tree",
      "x": 5,
      "y": 7,
    },
    {
      "biome": "land",
      "height": 0.9451023193705603,
      "object": undefined,
      "x": 6,
      "y": 7,
    },
    {
      "biome": "land",
      "height": 0.9416997315679279,
      "object": undefined,
      "x": 7,
      "y": 7,
    },
    {
      "biome": "land",
      "height": 0.8852584495501068,
      "object": undefined,
      "x": 8,
      "y": 7,
    },
    {
      "biome": "land",
      "height": 0.7879510065137996,
      "object": undefined,
      "x": 9,
      "y": 7,
    },
  ],
  [
    {
      "biome": "ocean",
      "height": 0.2534127242386193,
      "object": "fish",
      "x": 0,
      "y": 8,
    },
    {
      "biome": "ocean",
      "height": 0.36306660310328437,
      "object": "fish",
      "x": 1,
      "y": 8,
    },
    {
      "biome": "land",
      "height": 0.5046483155535344,
      "object": "tree",
      "x": 2,
      "y": 8,
    },
    {
      "biome": "land",
      "height": 0.6559968404532288,
      "object": undefined,
      "x": 3,
      "y": 8,
    },
    {
      "biome": "land",
      "height": 0.7889968939894183,
      "object": undefined,
      "x": 4,
      "y": 8,
    },
    {
      "biome": "land",
      "height": 0.8789456585548814,
      "object": "tree",
      "x": 5,
      "y": 8,
    },
    {
      "biome": "land",
      "height": 0.9115921324276983,
      "object": "tree",
      "x": 6,
      "y": 8,
    },
    {
      "biome": "land",
      "height": 0.8852068812005163,
      "object": undefined,
      "x": 7,
      "y": 8,
    },
    {
      "biome": "land",
      "height": 0.8071565136272162,
      "object": undefined,
      "x": 8,
      "y": 8,
    },
    {
      "biome": "land",
      "height": 0.6918638689600258,
      "object": "tree",
      "x": 9,
      "y": 8,
    },
  ],
  [
    {
      "biome": "ocean",
      "height": 0.28226950818213165,
      "object": "fish",
      "x": 0,
      "y": 9,
    },
    {
      "biome": "ocean",
      "height": 0.38336091951267204,
      "object": "fish",
      "x": 1,
      "y": 9,
    },
    {
      "biome": "land",
      "height": 0.5113458623357618,
      "object": "tree",
      "x": 2,
      "y": 9,
    },
    {
      "biome": "land",
      "height": 0.6450589747880368,
      "object": undefined,
      "x": 3,
      "y": 9,
    },
    {
      "biome": "land",
      "height": 0.7576879110400313,
      "object": undefined,
      "x": 4,
      "y": 9,
    },
    {
      "biome": "land",
      "height": 0.8257363329739478,
      "object": undefined,
      "x": 5,
      "y": 9,
    },
    {
      "biome": "land",
      "height": 0.835951470679404,
      "object": undefined,
      "x": 6,
      "y": 9,
    },
    {
      "biome": "land",
      "height": 0.7879510065137996,
      "object": undefined,
      "x": 7,
      "y": 9,
    },
    {
      "biome": "land",
      "height": 0.6918638689600258,
      "object": undefined,
      "x": 8,
      "y": 9,
    },
    {
      "biome": "land",
      "height": 0.564740985255074,
      "object": undefined,
      "x": 9,
      "y": 9,
    },
  ],
]
`;
